// Jest Snapshot v1, https://goo.gl/fbAQLP

exports[`matches snapshot 1`] = `
<DocumentFragment>
  <div
    class="row justify-content-center mt-3"
  >
    <div
      class="card col-10 col-md-6 col-xl-5 justify-content-center"
    >
      <div
        class="card-body"
      >
        <h2>
          Login
        </h2>
        <form>
          <div
            class="mb-3"
          >
            <label
              class="form-label"
              for="username"
            >
              Username:
            </label>
            <input
              class="form-control"
              id="username"
              name="username"
              value=""
            />
          </div>
          <div
            class="mb-3"
          >
            <label
              class="form-label"
              for="password"
            >
              Password
            </label>
            <input
              class="form-control"
              id="password"
              name="password"
              type="password"
              value=""
            />
          </div>
          <div
            class="row justify-content-around"
          >
            <button
              class="col btn btn-primary col-11 col-sm-4 m-1"
            >
              Login
            </button>
            <a
              class="col btn btn-secondary col-11 col-sm-4 m-1"
              href="/"
            >
              Cancel
            </a>
          </div>
        </form>
      </div>
    </div>
  </div>
</DocumentFragment>
`;
