// Jest Snapshot v1, https://goo.gl/fbAQLP

exports[`matches snapshot 1`] = `
<DocumentFragment>
  <div
    class="row justify-content-center my-3"
  >
    <form
      class="col-10 col-md-8 col-xl-6"
    >
      <div
        class="input-group mb-3 mt-3"
      >
        <input
          class="form-control"
          name="searchTerm"
          placeholder="Enter search term..."
          value=""
        />
        <button
          class="btn btn-primary"
        >
          Submit
        </button>
      </div>
    </form>
  </div>
</DocumentFragment>
`;
