// Jest Snapshot v1, https://goo.gl/fbAQLP

exports[`CompanyList matches snapshot 1`] = `
<DocumentFragment>
  <div
    class="home-heading row align-items-center"
  >
    <div
      class="col"
    >
      <h2
        class="h2 fw-bold"
        data-testid="loading"
      >
        <i>
          Loading...
        </i>
      </h2>
    </div>
  </div>
</DocumentFragment>
`;
